UserController.php
helpers.php
legacy/LegacyUserProcessor.php
legacy/deprecated_helpers.php
src/Application/Commands/CreateUserCommand.php
src/Application/Commands/PlaceOrderCommand.php
src/Application/Events/OrderPlaced.php
src/Application/Handlers/CreateUserHandler.php
src/Application/Handlers/PlaceOrderHandler.php
src/Application/OrderService.php
src/Application/UserService.php
src/Domain/Contracts/Cacheable.php
src/Domain/Contracts/Eventable.php
src/Domain/Contracts/Repository.php
src/Domain/Entity.php
src/Domain/Enums/OrderStatus.php
src/Domain/Enums/UserStatus.php
src/Domain/Order.php
src/Domain/OrderItem.php
src/Domain/OrderRepository.php
src/Domain/Traits/HasEvents.php
src/Domain/Traits/SoftDeletable.php
src/Domain/Traits/Timestampable.php
src/Domain/User.php
src/Domain/UserRepository.php
src/Domain/ValueObjects/Email.php
src/Domain/ValueObjects/Money.php
src/Http/Controllers/OrderController.php
src/Http/Controllers/UserController.php
src/Http/Middleware/AuthMiddleware.php
src/Infrastructure/Caching/RedisCache.php
src/Infrastructure/Database/Connection.php
src/Infrastructure/Mail/SmtpMailer.php
src/Infrastructure/Persistence/MySQLOrderRepository.php
src/Infrastructure/Persistence/MySQLUserRepository.php
